Archive member included to satisfy reference by file (symbol)

E:/STM32CubeIDE_1.13.0/STM32CubeIDE/plugins/com.st.stm32cube.ide.mcu.externaltools.gnu-tools-for-stm32.11.3.rel1.win32_1.1.0.202305231506/tools/bin/../lib/gcc/arm-none-eabi/11.3.1/../../../../arm-none-eabi/lib/thumb/v7-m/nofp\libc_nano.a(libc_a-exit.o)
                              E:/STM32CubeIDE_1.13.0/STM32CubeIDE/plugins/com.st.stm32cube.ide.mcu.externaltools.gnu-tools-for-stm32.11.3.rel1.win32_1.1.0.202305231506/tools/bin/../lib/gcc/arm-none-eabi/11.3.1/../../../../arm-none-eabi/lib/thumb/v7-m/nofp/crt0.o (exit)
E:/STM32CubeIDE_1.13.0/STM32CubeIDE/plugins/com.st.stm32cube.ide.mcu.externaltools.gnu-tools-for-stm32.11.3.rel1.win32_1.1.0.202305231506/tools/bin/../lib/gcc/arm-none-eabi/11.3.1/../../../../arm-none-eabi/lib/thumb/v7-m/nofp\libc_nano.a(libc_a-findfp.o)
                              E:/STM32CubeIDE_1.13.0/STM32CubeIDE/plugins/com.st.stm32cube.ide.mcu.externaltools.gnu-tools-for-stm32.11.3.rel1.win32_1.1.0.202305231506/tools/bin/../lib/gcc/arm-none-eabi/11.3.1/../../../../arm-none-eabi/lib/thumb/v7-m/nofp\libc_nano.a(libc_a-exit.o) (__stdio_exit_handler)
E:/STM32CubeIDE_1.13.0/STM32CubeIDE/plugins/com.st.stm32cube.ide.mcu.externaltools.gnu-tools-for-stm32.11.3.rel1.win32_1.1.0.202305231506/tools/bin/../lib/gcc/arm-none-eabi/11.3.1/../../../../arm-none-eabi/lib/thumb/v7-m/nofp\libc_nano.a(libc_a-fwalk.o)
                              E:/STM32CubeIDE_1.13.0/STM32CubeIDE/plugins/com.st.stm32cube.ide.mcu.externaltools.gnu-tools-for-stm32.11.3.rel1.win32_1.1.0.202305231506/tools/bin/../lib/gcc/arm-none-eabi/11.3.1/../../../../arm-none-eabi/lib/thumb/v7-m/nofp\libc_nano.a(libc_a-findfp.o) (_fwalk_sglue)
E:/STM32CubeIDE_1.13.0/STM32CubeIDE/plugins/com.st.stm32cube.ide.mcu.externaltools.gnu-tools-for-stm32.11.3.rel1.win32_1.1.0.202305231506/tools/bin/../lib/gcc/arm-none-eabi/11.3.1/../../../../arm-none-eabi/lib/thumb/v7-m/nofp\libc_nano.a(libc_a-stdio.o)
                              E:/STM32CubeIDE_1.13.0/STM32CubeIDE/plugins/com.st.stm32cube.ide.mcu.externaltools.gnu-tools-for-stm32.11.3.rel1.win32_1.1.0.202305231506/tools/bin/../lib/gcc/arm-none-eabi/11.3.1/../../../../arm-none-eabi/lib/thumb/v7-m/nofp\libc_nano.a(libc_a-findfp.o) (__sread)
E:/STM32CubeIDE_1.13.0/STM32CubeIDE/plugins/com.st.stm32cube.ide.mcu.externaltools.gnu-tools-for-stm32.11.3.rel1.win32_1.1.0.202305231506/tools/bin/../lib/gcc/arm-none-eabi/11.3.1/../../../../arm-none-eabi/lib/thumb/v7-m/nofp\libc_nano.a(libc_a-memcmp.o)
                              ./Core/Src/oled.o (memcmp)
E:/STM32CubeIDE_1.13.0/STM32CubeIDE/plugins/com.st.stm32cube.ide.mcu.externaltools.gnu-tools-for-stm32.11.3.rel1.win32_1.1.0.202305231506/tools/bin/../lib/gcc/arm-none-eabi/11.3.1/../../../../arm-none-eabi/lib/thumb/v7-m/nofp\libc_nano.a(libc_a-memset.o)
                              E:/STM32CubeIDE_1.13.0/STM32CubeIDE/plugins/com.st.stm32cube.ide.mcu.externaltools.gnu-tools-for-stm32.11.3.rel1.win32_1.1.0.202305231506/tools/bin/../lib/gcc/arm-none-eabi/11.3.1/../../../../arm-none-eabi/lib/thumb/v7-m/nofp/crt0.o (memset)
E:/STM32CubeIDE_1.13.0/STM32CubeIDE/plugins/com.st.stm32cube.ide.mcu.externaltools.gnu-tools-for-stm32.11.3.rel1.win32_1.1.0.202305231506/tools/bin/../lib/gcc/arm-none-eabi/11.3.1/../../../../arm-none-eabi/lib/thumb/v7-m/nofp\libc_nano.a(libc_a-closer.o)
                              E:/STM32CubeIDE_1.13.0/STM32CubeIDE/plugins/com.st.stm32cube.ide.mcu.externaltools.gnu-tools-for-stm32.11.3.rel1.win32_1.1.0.202305231506/tools/bin/../lib/gcc/arm-none-eabi/11.3.1/../../../../arm-none-eabi/lib/thumb/v7-m/nofp\libc_nano.a(libc_a-stdio.o) (_close_r)
E:/STM32CubeIDE_1.13.0/STM32CubeIDE/plugins/com.st.stm32cube.ide.mcu.externaltools.gnu-tools-for-stm32.11.3.rel1.win32_1.1.0.202305231506/tools/bin/../lib/gcc/arm-none-eabi/11.3.1/../../../../arm-none-eabi/lib/thumb/v7-m/nofp\libc_nano.a(libc_a-reent.o)
                              E:/STM32CubeIDE_1.13.0/STM32CubeIDE/plugins/com.st.stm32cube.ide.mcu.externaltools.gnu-tools-for-stm32.11.3.rel1.win32_1.1.0.202305231506/tools/bin/../lib/gcc/arm-none-eabi/11.3.1/../../../../arm-none-eabi/lib/thumb/v7-m/nofp\libc_nano.a(libc_a-closer.o) (errno)
E:/STM32CubeIDE_1.13.0/STM32CubeIDE/plugins/com.st.stm32cube.ide.mcu.externaltools.gnu-tools-for-stm32.11.3.rel1.win32_1.1.0.202305231506/tools/bin/../lib/gcc/arm-none-eabi/11.3.1/../../../../arm-none-eabi/lib/thumb/v7-m/nofp\libc_nano.a(libc_a-impure.o)
                              E:/STM32CubeIDE_1.13.0/STM32CubeIDE/plugins/com.st.stm32cube.ide.mcu.externaltools.gnu-tools-for-stm32.11.3.rel1.win32_1.1.0.202305231506/tools/bin/../lib/gcc/arm-none-eabi/11.3.1/../../../../arm-none-eabi/lib/thumb/v7-m/nofp\libc_nano.a(libc_a-reent.o) (_impure_ptr)
E:/STM32CubeIDE_1.13.0/STM32CubeIDE/plugins/com.st.stm32cube.ide.mcu.externaltools.gnu-tools-for-stm32.11.3.rel1.win32_1.1.0.202305231506/tools/bin/../lib/gcc/arm-none-eabi/11.3.1/../../../../arm-none-eabi/lib/thumb/v7-m/nofp\libc_nano.a(libc_a-lseekr.o)
[...]
Memory Configuration

Name             Origin             Length             Attributes
RAM              0x0000000020000000 0x0000000000010000 xrw
FLASH            0x0000000008000000 0x0000000000080000 xr
*default*        0x0000000000000000 0xffffffffffffffff

Linker script and memory map

LOAD E:/STM32CubeIDE_1.13.0/STM32CubeIDE/plugins/com.st.stm32cube.ide.mcu.externaltools.gnu-tools-for-stm32.11.3.rel1.win32_1.1.0.202305231506/tools/bin/../lib/gcc/arm-none-eabi/11.3.1/thumb/v7-m/nofp/crti.o
LOAD E:/STM32CubeIDE_1.13.0/STM32CubeIDE/plugins/com.st.stm32cube.ide.mcu.externaltools.gnu-tools-for-stm32.11.3.rel1.win32_1.1.0.202305231506/tools/bin/../lib/gcc/arm-none-eabi/11.3.1/thumb/v7-m/nofp/crtbegin.o
LOAD E:/STM32CubeIDE_1.13.0/STM32CubeIDE/plugins/com.st.stm32cube.ide.mcu.externaltools.gnu-tools-for-stm32.11.3.rel1.win32_1.1.0.202305231506/tools/bin/../lib/gcc/arm-none-eabi/11.3.1/../../../../arm-none-eabi/lib/thumb/v7-m/nofp/crt0.o
LOAD ./Core/Src/font.o
LOAD ./Core/Src/gpio.o
LOAD ./Core/Src/i2c.o
LOAD ./Core/Src/main.o
LOAD ./Core/Src/oled.o
LOAD ./Core/Src/stm32f1xx_hal_msp.o
LOAD ./Core/Src/stm32f1xx_it.o
LOAD ./Core/Src/syscalls.o
LOAD ./Core/Src/sysmem.o
LOAD ./Core/Src/system_stm32f1xx.o
LOAD ./Core/Startup/startup_stm32f103zetx.o
LOAD ./Drivers/STM32F1xx_HAL_Driver/Src/stm32f1xx_hal.o
LOAD ./Drivers/STM32F1xx_HAL_Driver/Src/stm32f1xx_hal_cortex.o
LOAD ./Drivers/STM32F1xx_HAL_Driver/Src/stm32f1xx_hal_dma.o
LOAD ./Drivers/STM32F1xx_HAL_Driver/Src/stm32f1xx_hal_exti.o
LOAD ./Drivers/STM32F1xx_HAL_Driver/Src/stm32f1xx_hal_flash.o
LOAD ./Drivers/STM32F1xx_HAL_Driver/Src/stm32f1xx_hal_flash_ex.o
LOAD ./Drivers/STM32F1xx_HAL_Driver/Src/stm32f1xx_hal_gpio.o
LOAD ./Drivers/STM32F1xx_HAL_Driver/Src/stm32f1xx_hal_gpio_ex.o
LOAD ./Drivers/STM32F1xx_HAL_Driver/Src/stm32f1xx_hal_i2c.o
LOAD ./Drivers/STM32F1xx_HAL_Driver/Src/stm32f1xx_hal_pwr.o
LOAD ./Drivers/STM32F1xx_HAL_Driver/Src/stm32f1xx_hal_rcc.o
LOAD ./Drivers/STM32F1xx_HAL_Driver/Src/stm32f1xx_hal_rcc_ex.o
START GROUP
LOAD E:/STM32CubeIDE_1.13.0/STM32CubeIDE/plugins/com.st.stm32cube.ide.mcu.externaltools.gnu-tools-for-stm32.11.3.rel1.win32_1.1.0.202305231506/tools/bin/../lib/gcc/arm-none-eabi/11.3.1/../../../../arm-none-eabi/lib/thumb/v7-m/nofp\libc_nano.a
LOAD E:/STM32CubeIDE_1.13.0/STM32CubeIDE/plugins/com.st.stm32cube.ide.mcu.externaltools.gnu-tools-for-stm32.11.3.rel1.win32_1.1.0.202305231506/tools/bin/../lib/gcc/arm-none-eabi/11.3.1/../../../../arm-none-eabi/lib/thumb/v7-m/nofp\libm.a
END GROUP
START GROUP
LOAD E:/STM32CubeIDE_1.13.0/STM32CubeIDE/plugins/com.st.stm32cube.ide.mcu.externaltools.gnu-tools-for-stm32.11.3.rel1.win32_1.1.0.202305231506/tools/bin/../lib/gcc/arm-none-eabi/11.3.1/thumb/v7-m/nofp\libgcc.a
LOAD E:/STM32CubeIDE_1.13.0/STM32CubeIDE/plugins/com.st.stm32cube.ide.mcu.externaltools.gnu-tools-for-stm32.11.3.rel1.win32_1.1.0.202305231506/tools/bin/../lib/gcc/arm-none-eabi/11.3.1/../../../../arm-none-eabi/lib/thumb/v7-m/nofp\libc_nano.a
END GROUP
START GROUP
LOAD E:/STM32CubeIDE_1.13.0/STM32CubeIDE/plugins/com.st.stm32cube.ide.mcu.externaltools.gnu-tools-for-stm32.11.3.rel1.win32_1.1.0.202305231506/tools/bin/../lib/gcc/arm-none-eabi/11.3.1/thumb/v7-m/nofp\libgcc.a
LOAD E:/STM32CubeIDE_1.13.0/STM32CubeIDE/plugins/com.st.stm32cube.ide.mcu.externaltools.gnu-tools-for-stm32.11.3.rel1.win32_1.1.0.202305231506/tools/bin/../lib/gcc/arm-none-eabi/11.3.1/../../../../arm-none-eabi/lib/thumb/v7-m/nofp\libc_nano.a
LOAD E:/STM32CubeIDE_1.13.0/STM32CubeIDE/plugins/com.st.stm32cube.ide.mcu.externaltools.gnu-tools-for-stm32.11.3.rel1.win32_1.1.0.202305231506/tools/bin/../lib/gcc/arm-none-eabi/11.3.1/../../../../arm-none-eabi/lib/thumb/v7-m/nofp\libnosys.a
END GROUP
START GROUP
LOAD E:/STM32CubeIDE_1.13.0/STM32CubeIDE/plugins/com.st.stm32cube.ide.mcu.externaltools.gnu-tools-for-stm32.11.3.rel1.win32_1.1.0.202305231506/tools/bin/../lib/gcc/arm-none-eabi/11.3.1/thumb/v7-m/nofp\libgcc.a
LOAD E:/STM32CubeIDE_1.13.0/STM32CubeIDE/plugins/com.st.stm32cube.ide.mcu.externaltools.gnu-tools-for-stm32.11.3.rel1.win32_1.1.0.202305231506/tools/bin/../lib/gcc/arm-none-eabi/11.3.1/../../../../arm-none-eabi/lib/thumb/v7-m/nofp\libc_nano.a
LOAD E:/STM32CubeIDE_1.13.0/STM32CubeIDE/plugins/com.st.stm32cube.ide.mcu.externaltools.gnu-tools-for-stm32.11.3.rel1.win32_1.1.0.202305231506/tools/bin/../lib/gcc/arm-none-eabi/11.3.1/../../../../arm-none-eabi/lib/thumb/v7-m/nofp\libnosys.a
END GROUP
LOAD E:/STM32CubeIDE_1.13.0/STM32CubeIDE/plugins/com.st.stm32cube.ide.mcu.externaltools.gnu-tools-for-stm32.11.3.rel1.win32_1.1.0.202305231506/tools/bin/../lib/gcc/arm-none-eabi/11.3.1/thumb/v7-m/nofp/crtend.o
LOAD E:/STM32CubeIDE_1.13.0/STM32CubeIDE/plugins/com.st.stm32cube.ide.mcu.externaltools.gnu-tools-for-stm32.11.3.rel1.win32_1.1.0.202305231506/tools/bin/../lib/gcc/arm-none-eabi/11.3.1/thumb/v7-m/nofp/crtn.o
                0x0000000020010000                _estack = (ORIGIN (RAM) + LENGTH (RAM))
                0x0000000000000200                _Min_Heap_Size = 0x200
                0x0000000000000400                _Min_Stack_Size = 0x400

.isr_vector     0x0000000008000000      0x1e4
                0x0000000008000000                . = ALIGN (0x4)
 *(.isr_vector)
 .isr_vector    0x0000000008000000      0x1e4 ./Core/Startup/startup_stm32f103zetx.o
                0x0000000008000000                g_pfnVectors
                0x00000000080001e4                . = ALIGN (0x4)

.text           0x00000000080001e4     0x247c
                0x00000000080001e4                . = ALIGN (0x4)
 *(.text)
 .text          0x00000000080001e4       0x40 E:/STM32CubeIDE_1.13.0/STM32CubeIDE/plugins/com.st.stm32cube.ide.mcu.externaltools.gnu-tools-for-stm32.11.3.rel1.win32_1.1.0.202305231506/tools/bin/../lib/gcc/arm-none-eabi/11.3.1/thumb/v7-m/nofp/crtbegin.o
 *(.text*)
 .text.MX_GPIO_Init
                0x0000000008000224       0x2c ./Core/Src/gpio.o
                0x0000000008000224                MX_GPIO_Init
 .text.MX_I2C2_Init
                0x0000000008000250       0x5c ./Core/Src/i2c.o
                0x0000000008000250                MX_I2C2_Init
 .text.HAL_I2C_MspInit
                0x00000000080002ac       0x80 ./Core/Src/i2c.o
                0x00000000080002ac                HAL_I2C_MspInit
 .text.main     0x000000000800032c       0x98 ./Core/Src/main.o
                0x000000000800032c                main
 .text.SystemClock_Config
                0x00000000080003c4       0x8a ./Core/Src/main.o
                0x00000000080003c4                SystemClock_Config
 .text.Error_Handler
                0x000000000800044e        0xa ./Core/Src/main.o
                0x000000000800044e                Error_Handler
 .text.OLED_Send
                0x0000000008000458       0x2c ./Core/Src/oled.o
                0x0000000008000458                OLED_Send
 .text.OLED_SendCmd
                0x0000000008000484       0x24 ./Core/Src/oled.o
                0x0000000008000484                OLED_SendCmd
 .text.OLED_Init
                0x00000000080004a8       0xb8 ./Core/Src/oled.o
                0x00000000080004a8                OLED_Init
 .text.OLED_NewFrame
                0x0000000008000560       0x18 ./Core/Src/oled.o
                0x0000000008000560                OLED_NewFrame
 .text.OLED_ShowFrame
                0x0000000008000578       0x68 ./Core/Src/oled.o
                0x0000000008000578                OLED_ShowFrame
 .text.OLED_SetPixel
                0x00000000080005e0       0xb0 ./Core/Src/oled.o
                0x00000000080005e0                OLED_SetPixel
 .text.OLED_SetByte_Fine
                0x0000000008000690       0xf8 ./Core/Src/oled.o
                0x0000000008000690                OLED_SetByte_Fine
 .text.OLED_SetBits_Fine
                0x0000000008000788       0xbe ./Core/Src/oled.o
                0x0000000008000788                OLED_SetBits_Fine
 .text.OLED_SetBits
                0x0000000008000846       0x82 ./Core/Src/oled.o
                0x0000000008000846                OLED_SetBits
 .text.OLED_SetBlock
                0x00000000080008c8       0xe2 ./Core/Src/oled.o
                0x00000000080008c8                OLED_SetBlock
 .text.OLED_DrawCircle
                0x00000000080009aa      0x1b8 ./Core/Src/oled.o
                0x00000000080009aa                OLED_DrawCircle
 .text.OLED_DrawImage
                0x0000000008000b62       0x3c ./Core/Src/oled.o
                0x0000000008000b62                OLED_DrawImage
 .text.OLED_PrintASCIIChar
                0x0000000008000b9e       0x5e ./Core/Src/oled.o
                0x0000000008000b9e                OLED_PrintASCIIChar
 .text._OLED_GetUTF8Len
                0x0000000008000bfc       0x52 ./Core/Src/oled.o
                0x0000000008000bfc                _OLED_GetUTF8Len
 .text.OLED_PrintString
                0x0000000008000c4e      0x14c ./Core/Src/oled.o
                0x0000000008000c4e                OLED_PrintString
 *fill*         0x0000000008000d9a        0x2 
 .text.HAL_MspInit
                0x0000000008000d9c       0x44 ./Core/Src/stm32f1xx_hal_msp.o
                0x0000000008000d9c                HAL_MspInit
 .text.NMI_Handler
                0x0000000008000de0        0x6 ./Core/Src/stm32f1xx_it.o
                0x0000000008000de0                NMI_Handler
 .text.HardFault_Handler
                0x0000000008000de6        0x6 ./Core/Src/stm32f1xx_it.o
                0x0000000008000de6                HardFault_Handler
 .text.MemManage_Handler
                0x0000000008000dec        0x6 ./Core/Src/stm32f1xx_it.o
                0x0000000008000dec                MemManage_Handler
 .text.BusFault_Handler
                0x0000000008000df2        0x6 ./Core/Src/stm32f1xx_it.o
                0x0000000008000df2                BusFault_Handler
 .text.UsageFault_Handler
                0x0000000008000df8        0x6 ./Core/Src/stm32f1xx_it.o
                0x0000000008000df8                UsageFault_Handler
 .text.SVC_Handler
                0x0000000008000dfe        0xc ./Core/Src/stm32f1xx_it.o
                0x0000000008000dfe                SVC_Handler
 .text.DebugMon_Handler
                0x0000000008000e0a        0xc ./Core/Src/stm32f1xx_it.o
                0x0000000008000e0a                DebugMon_Handler
 .text.PendSV_Handler
                0x0000000008000e16        0xc ./Core/Src/stm32f1xx_it.o
                0x0000000008000e16                PendSV_Handler
 .text.SysTick_Handler
                0x0000000008000e22        0xc ./Core/Src/stm32f1xx_it.o
                0x0000000008000e22                SysTick_Handler
 .text.SystemInit
                0x0000000008000e2e        0xc ./Core/Src/system_stm32f1xx.o
                0x0000000008000e2e                SystemInit
 *fill*         0x0000000008000e3a        0x2 
 .text.Reset_Handler
                0x0000000008000e3c       0x48 ./Core/Startup/startup_stm32f103zetx.o
                0x0000000008000e3c                Reset_Handler
 .text.Default_Handler
                0x0000000008000e84        0x2 ./Core/Startup/startup_stm32f103zetx.o
                0x0000000008000e84                RTC_Alarm_IRQHandler
                0x0000000008000e84                EXTI2_IRQHandler
                0x0000000008000e84                TIM8_TRG_COM_IRQHandler
                0x0000000008000e84                TIM8_CC_IRQHandler
                0x0000000008000e84                TIM1_CC_IRQHandler
                0x0000000008000e84                TIM6_IRQHandler
                0x0000000008000e84                PVD_IRQHandler
                0x0000000008000e84                SDIO_IRQHandler
                0x0000000008000e84                EXTI3_IRQHandler
                0x0000000008000e84                EXTI0_IRQHandler
                0x0000000008000e84                I2C2_EV_IRQHandler
                0x0000000008000e84                ADC1_2_IRQHandler
                0x0000000008000e84                SPI1_IRQHandler
                0x0000000008000e84                TAMPER_IRQHandler
                0x0000000008000e84                TIM8_UP_IRQHandler
                0x0000000008000e84                DMA2_Channel2_IRQHandler
                0x0000000008000e84                DMA1_Channel4_IRQHandler
                0x0000000008000e84                USART3_IRQHandler
                0x0000000008000e84                RTC_IRQHandler
                0x0000000008000e84                DMA1_Channel7_IRQHandler
                0x0000000008000e84                CAN1_RX1_IRQHandler
                0x0000000008000e84                UART5_IRQHandler
                0x0000000008000e84                ADC3_IRQHandler
                0x0000000008000e84                TIM4_IRQHandler
                0x0000000008000e84                DMA2_Channel1_IRQHandler
                0x0000000008000e84                I2C1_EV_IRQHandler
                0x0000000008000e84                DMA1_Channel6_IRQHandler
                0x0000000008000e84                UART4_IRQHandler
                0x0000000008000e84                TIM3_IRQHandler
                0x0000000008000e84                RCC_IRQHandler
                0x0000000008000e84                TIM1_TRG_COM_IRQHandler
                0x0000000008000e84                DMA1_Channel1_IRQHandler
                0x0000000008000e84                Default_Handler
                0x0000000008000e84                EXTI15_10_IRQHandler
                0x0000000008000e84                TIM7_IRQHandler
                0x0000000008000e84                TIM5_IRQHandler
                0x0000000008000e84                EXTI9_5_IRQHandler
                0x0000000008000e84                SPI2_IRQHandler
                0x0000000008000e84                DMA1_Channel5_IRQHandler
                0x0000000008000e84                EXTI4_IRQHandler
                0x0000000008000e84                USB_LP_CAN1_RX0_IRQHandler
                0x0000000008000e84                USB_HP_CAN1_TX_IRQHandler
                0x0000000008000e84                DMA1_Channel3_IRQHandler
                0x0000000008000e84                FSMC_IRQHandler
                0x0000000008000e84                TIM1_UP_IRQHandler
                0x0000000008000e84                WWDG_IRQHandler
                0x0000000008000e84                TIM2_IRQHandler
                0x0000000008000e84                TIM1_BRK_IRQHandler
                0x0000000008000e84                EXTI1_IRQHandler
                0x0000000008000e84                DMA2_Channel4_5_IRQHandler
                0x0000000008000e84                USART2_IRQHandler
                0x0000000008000e84                I2C2_ER_IRQHandler
                0x0000000008000e84                DMA1_Channel2_IRQHandler
                0x0000000008000e84                TIM8_BRK_IRQHandler
                0x0000000008000e84                CAN1_SCE_IRQHandler
                0x0000000008000e84                FLASH_IRQHandler
                0x0000000008000e84                USART1_IRQHandler
                0x0000000008000e84                SPI3_IRQHandler
                0x0000000008000e84                I2C1_ER_IRQHandler
                0x0000000008000e84                USBWakeUp_IRQHandler
                0x0000000008000e84                DMA2_Channel3_IRQHandler
 *fill*         0x0000000008000e86        0x2 
 .text.HAL_Init
                0x0000000008000e88       0x2c ./Drivers/STM32F1xx_HAL_Driver/Src/stm32f1xx_hal.o
                0x0000000008000e88                HAL_Init
 .text.HAL_InitTick
                0x0000000008000eb4       0x60 ./Drivers/STM32F1xx_HAL_Driver/Src/stm32f1xx_hal.o
                0x0000000008000eb4                HAL_InitTick
 .text.HAL_IncTick
                0x0000000008000f14       0x24 ./Drivers/STM32F1xx_HAL_Driver/Src/stm32f1xx_hal.o
                0x0000000008000f14                HAL_IncTick
 .text.HAL_GetTick
                0x0000000008000f38       0x14 ./Drivers/STM32F1xx_HAL_Driver/Src/stm32f1xx_hal.o
                0x0000000008000f38                HAL_GetTick
 .text.HAL_Delay
                0x0000000008000f4c       0x48 ./Drivers/STM32F1xx_HAL_Driver/Src/stm32f1xx_hal.o
                0x0000000008000f4c                HAL_Delay
 .text.__NVIC_SetPriorityGrouping
                0x0000000008000f94       0x48 ./Drivers/STM32F1xx_HAL_Driver/Src/stm32f1xx_hal_cortex.o
 .text.__NVIC_GetPriorityGrouping
                0x0000000008000fdc       0x1c ./Drivers/STM32F1xx_HAL_Driver/Src/stm32f1xx_hal_cortex.o
 .text.__NVIC_SetPriority
                0x0000000008000ff8       0x54 ./Drivers/STM32F1xx_HAL_Driver/Src/stm32f1xx_hal_cortex.o
 .text.NVIC_EncodePriority
                0x000000000800104c       0x64 ./Drivers/STM32F1xx_HAL_Driver/Src/stm32f1xx_hal_cortex.o
 .text.SysTick_Config
                0x00000000080010b0       0x44 ./Drivers/STM32F1xx_HAL_Driver/Src/stm32f1xx_hal_cortex.o
 .text.HAL_NVIC_SetPriorityGrouping
                0x00000000080010f4       0x16 ./Drivers/STM32F1xx_HAL_Driver/Src/stm32f1xx_hal_cortex.o
                0x00000000080010f4                HAL_NVIC_SetPriorityGrouping
 .text.HAL_NVIC_SetPriority
                0x000000000800110a       0x38 ./Drivers/STM32F1xx_HAL_Driver/Src/stm32f1xx_hal_cortex.o
                0x000000000800110a                HAL_NVIC_SetPriority
 .text.HAL_SYSTICK_Config
                0x0000000008001142       0x18 ./Drivers/STM32F1xx_HAL_Driver/Src/stm32f1xx_hal_cortex.o
                0x0000000008001142                HAL_SYSTICK_Config
 *fill*         0x000000000800115a        0x2 
 .text.HAL_GPIO_Init
                0x000000000800115c      0x328 ./Drivers/STM32F1xx_HAL_Driver/Src/stm32f1xx_hal_gpio.o
                0x000000000800115c                HAL_GPIO_Init
 .text.HAL_I2C_Init
                0x0000000008001484      0x288 ./Drivers/STM32F1xx_HAL_Driver/Src/stm32f1xx_hal_i2c.o
                0x0000000008001484                HAL_I2C_Init
 .text.HAL_I2C_Master_Transmit
                0x000000000800170c      0x1fc ./Drivers/STM32F1xx_HAL_Driver/Src/stm32f1xx_hal_i2c.o
                0x000000000800170c                HAL_I2C_Master_Transmit
 .text.I2C_MasterRequestWrite
                0x0000000008001908      0x104 ./Drivers/STM32F1xx_HAL_Driver/Src/stm32f1xx_hal_i2c.o
 .text.I2C_WaitOnFlagUntilTimeout
                0x0000000008001a0c       0xf4 ./Drivers/STM32F1xx_HAL_Driver/Src/stm32f1xx_hal_i2c.o
 .text.I2C_WaitOnMasterAddressFlagUntilTimeout
                0x0000000008001b00      0x140 ./Drivers/STM32F1xx_HAL_Driver/Src/stm32f1xx_hal_i2c.o
 .text.I2C_WaitOnTXEFlagUntilTimeout
                0x0000000008001c40       0x90 ./Drivers/STM32F1xx_HAL_Driver/Src/stm32f1xx_hal_i2c.o
 .text.I2C_WaitOnBTFFlagUntilTimeout
                0x0000000008001cd0       0x90 ./Drivers/STM32F1xx_HAL_Driver/Src/stm32f1xx_hal_i2c.o
 .text.I2C_IsAcknowledgeFailed
                0x0000000008001d60       0x5c ./Drivers/STM32F1xx_HAL_Driver/Src/stm32f1xx_hal_i2c.o
 .text.HAL_RCC_OscConfig
                0x0000000008001dbc      0x504 ./Drivers/STM32F1xx_HAL_Driver/Src/stm32f1xx_hal_rcc.o
                0x0000000008001dbc                HAL_RCC_OscConfig
 .text.HAL_RCC_ClockConfig
                0x00000000080022c0      0x1d4 ./Drivers/STM32F1xx_HAL_Driver/Src/stm32f1xx_hal_rcc.o
                0x00000000080022c0                HAL_RCC_ClockConfig
 .text.HAL_RCC_GetSysClockFreq
                0x0000000008002494       0xa8 ./Drivers/STM32F1xx_HAL_Driver/Src/stm32f1xx_hal_rcc.o
                0x0000000008002494                HAL_RCC_GetSysClockFreq
 .text.HAL_RCC_GetHCLKFreq
                0x000000000800253c       0x14 ./Drivers/STM32F1xx_HAL_Driver/Src/stm32f1xx_hal_rcc.o
                0x000000000800253c                HAL_RCC_GetHCLKFreq
 .text.HAL_RCC_GetPCLK1Freq
                0x0000000008002550       0x28 ./Drivers/STM32F1xx_HAL_Driver/Src/stm32f1xx_hal_rcc.o
                0x0000000008002550                HAL_RCC_GetPCLK1Freq
 .text.RCC_Delay
                0x0000000008002578       0x3c ./Drivers/STM32F1xx_HAL_Driver/Src/stm32f1xx_hal_rcc.o
 .text.memcmp   0x00000000080025b4       0x20 E:/STM32CubeIDE_1.13.0/STM32CubeIDE/plugins/com.st.stm32cube.ide.mcu.externaltools.gnu-tools-for-stm32.11.3.rel1.win32_1.1.0.202305231506/tools/bin/../lib/gcc/arm-none-eabi/11.3.1/../../../../arm-none-eabi/lib/thumb/v7-m/nofp\libc_nano.a(libc_a-memcmp.o)
                0x00000000080025b4                memcmp
 .text.memset   0x00000000080025d4       0x10 E:/STM32CubeIDE_1.13.0/STM32CubeIDE/plugins/com.st.stm32cube.ide.mcu.externaltools.gnu-tools-for-stm32.11.3.rel1.win32_1.1.0.202305231506/tools/bin/../lib/gcc/arm-none-eabi/11.3.1/../../../../arm-none-eabi/lib/thumb/v7-m/nofp\libc_nano.a(libc_a-memset.o)
                0x00000000080025d4                memset
 .text.__libc_init_array
                0x00000000080025e4       0x48 E:/STM32CubeIDE_1.13.0/STM32CubeIDE/plugins/com.st.stm32cube.ide.mcu.externaltools.gnu-tools-for-stm32.11.3.rel1.win32_1.1.0.202305231506/tools/bin/../lib/gcc/arm-none-eabi/11.3.1/../../../../arm-none-eabi/lib/thumb/v7-m/nofp\libc_nano.a(libc_a-init.o)
                0x00000000080025e4                __libc_init_array
 .text.memcpy   0x000000000800262c       0x1c E:/STM32CubeIDE_1.13.0/STM32CubeIDE/plugins/com.st.stm32cube.ide.mcu.externaltools.gnu-tools-for-stm32.11.3.rel1.win32_1.1.0.202305231506/tools/bin/../lib/gcc/arm-none-eabi/11.3.1/../../../../arm-none-eabi/lib/thumb/v7-m/nofp\libc_nano.a(libc_a-memcpy-stub.o)
                0x000000000800262c                memcpy
 *(.glue_7)
 .glue_7        0x0000000008002648        0x0 linker stubs
 *(.glue_7t)
 .glue_7t       0x0000000008002648        0x0 linker stubs
 *(.eh_frame)
 .eh_frame      0x0000000008002648        0x0 E:/STM32CubeIDE_1.13.0/STM32CubeIDE/plugins/com.st.stm32cube.ide.mcu.externaltools.gnu-tools-for-stm32.11.3.rel1.win32_1.1.0.202305231506/tools/bin/../lib/gcc/arm-none-eabi/11.3.1/thumb/v7-m/nofp/crtbegin.o
 *(.init)
 .init          0x0000000008002648        0x4 E:/STM32CubeIDE_1.13.0/STM32CubeIDE/plugins/com.st.stm32cube.ide.mcu.externaltools.gnu-tools-for-stm32.11.3.rel1.win32_1.1.0.202305231506/tools/bin/../lib/gcc/arm-none-eabi/11.3.1/thumb/v7-m/nofp/crti.o
                0x0000000008002648                _init
 .init          0x000000000800264c        0x8 E:/STM32CubeIDE_1.13.0/STM32CubeIDE/plugins/com.st.stm32cube.ide.mcu.externaltools.gnu-tools-for-stm32.11.3.rel1.win32_1.1.0.202305231506/tools/bin/../lib/gcc/arm-none-eabi/11.3.1/thumb/v7-m/nofp/crtn.o
 *(.fini)
 .fini          0x0000000008002654        0x4 E:/STM32CubeIDE_1.13.0/STM32CubeIDE/plugins/com.st.stm32cube.ide.mcu.externaltools.gnu-tools-for-stm32.11.3.rel1.win32_1.1.0.202305231506/tools/bin/../lib/gcc/arm-none-eabi/11.3.1/thumb/v7-m/nofp/crti.o
                0x0000000008002654                _fini
 .fini          0x0000000008002658        0x8 E:/STM32CubeIDE_1.13.0/STM32CubeIDE/plugins/com.st.stm32cube.ide.mcu.externaltools.gnu-tools-for-stm32.11.3.rel1.win32_1.1.0.202305231506/tools/bin/../lib/gcc/arm-none-eabi/11.3.1/thumb/v7-m/nofp/crtn.o
                0x0000000008002660                . = ALIGN (0x4)
                0x0000000008002660                _etext = .

.vfp11_veneer   0x0000000008002660        0x0
 .vfp11_veneer  0x0000000008002660        0x0 linker stubs

.v4_bx          0x0000000008002660        0x0
 .v4_bx         0x0000000008002660        0x0 linker stubs

.iplt           0x0000000008002660        0x0
 .iplt          0x0000000008002660        0x0 E:/STM32CubeIDE_1.13.0/STM32CubeIDE/plugins/com.st.stm32cube.ide.mcu.externaltools.gnu-tools-for-stm32.11.3.rel1.win32_1.1.0.202305231506/tools/bin/../lib/gcc/arm-none-eabi/11.3.1/thumb/v7-m/nofp/crtbegin.o

.rodata         0x0000000008002660      0x97c
                0x0000000008002660                . = ALIGN (0x4)
 *(.rodata)
 .rodata        0x0000000008002660        0xa ./Core/Src/main.o
 *(.rodata*)
 *fill*         0x000000000800266a        0x2 
 .rodata.ascii_16x8
                0x000000000800266c      0x5f0 ./Core/Src/font.o
                0x000000000800266c                ascii_16x8
 .rodata.afont16x8
                0x0000000008002c5c        0x8 ./Core/Src/font.o
                0x0000000008002c5c                afont16x8
 .rodata.zh24x24
                0x0000000008002c64       0xe4 ./Core/Src/font.o
                0x0000000008002c64                zh24x24
 .rodata.font24x24
                0x0000000008002d48       0x10 ./Core/Src/font.o
                0x0000000008002d48                font24x24
 .rodata.ShixiaomiaoData
                0x0000000008002d58      0x250 ./Core/Src/font.o
                0x0000000008002d58                ShixiaomiaoData
 .rodata.ShixiaomiaoImg
                0x0000000008002fa8        0x8 ./Core/Src/font.o
                0x0000000008002fa8                ShixiaomiaoImg
 .rodata.AHBPrescTable
                0x0000000008002fb0       0x10 ./Core/Src/system_stm32f1xx.o
                0x0000000008002fb0                AHBPrescTable
 .rodata.APBPrescTable
                0x0000000008002fc0        0x8 ./Core/Src/system_stm32f1xx.o
                0x0000000008002fc0                APBPrescTable
 .rodata.aPLLMULFactorTable.1
                0x0000000008002fc8       0x10 ./Drivers/STM32F1xx_HAL_Driver/Src/stm32f1xx_hal_rcc.o
 .rodata.aPredivFactorTable.0
                0x0000000008002fd8        0x2 ./Drivers/STM32F1xx_HAL_Driver/Src/stm32f1xx_hal_rcc.o
                0x0000000008002fdc                . = ALIGN (0x4)
 *fill*         0x0000000008002fda        0x2 

.rel.dyn        0x0000000008002fdc        0x0
 .rel.iplt      0x0000000008002fdc        0x0 E:/STM32CubeIDE_1.13.0/STM32CubeIDE/plugins/com.st.stm32cube.ide.mcu.externaltools.gnu-tools-for-stm32.11.3.rel1.win32_1.1.0.202305231506/tools/bin/../lib/gcc/arm-none-eabi/11.3.1/thumb/v7-m/nofp/crtbegin.o

.ARM.extab      0x0000000008002fdc        0x0
                0x0000000008002fdc                . = ALIGN (0x4)
 *(.ARM.extab* .gnu.linkonce.armextab.*)
                0x0000000008002fdc                . = ALIGN (0x4)

.ARM            0x0000000008002fdc        0x0
                0x0000000008002fdc                . = ALIGN (0x4)
                0x0000000008002fdc                __exidx_start = .
 *(.ARM.exidx*)
                0x0000000008002fdc                __exidx_end = .
                0x0000000008002fdc                . = ALIGN (0x4)

.preinit_array  0x0000000008002fdc        0x0
                0x0000000008002fdc                . = ALIGN (0x4)
                0x0000000008002fdc                PROVIDE (__preinit_array_start = .)
 *(.preinit_array*)
                0x0000000008002fdc                PROVIDE (__preinit_array_end = .)
                0x0000000008002fdc                . = ALIGN (0x4)

.init_array     0x0000000008002fdc        0x4
                0x0000000008002fdc                . = ALIGN (0x4)
                0x0000000008002fdc                PROVIDE (__init_array_start = .)
 *(SORT_BY_NAME(.init_array.*))
 *(.init_array*)
 .init_array    0x0000000008002fdc        0x4 E:/STM32CubeIDE_1.13.0/STM32CubeIDE/plugins/com.st.stm32cube.ide.mcu.externaltools.gnu-tools-for-stm32.11.3.rel1.win32_1.1.0.202305231506/tools/bin/../lib/gcc/arm-none-eabi/11.3.1/thumb/v7-m/nofp/crtbegin.o
                0x0000000008002fe0                PROVIDE (__init_array_end = .)
                0x0000000008002fe0                . = ALIGN (0x4)

.fini_array     0x0000000008002fe0        0x4
                0x0000000008002fe0                . = ALIGN (0x4)
                [!provide]                        PROVIDE (__fini_array_start = .)
 *(SORT_BY_NAME(.fini_array.*))
 *(.fini_array*)
 .fini_array    0x0000000008002fe0        0x4 E:/STM32CubeIDE_1.13.0/STM32CubeIDE/plugins/com.st.stm32cube.ide.mcu.externaltools.gnu-tools-for-stm32.11.3.rel1.win32_1.1.0.202305231506/tools/bin/../lib/gcc/arm-none-eabi/11.3.1/thumb/v7-m/nofp/crtbegin.o
                [!provide]                        PROVIDE (__fini_array_end = .)
                0x0000000008002fe4                . = ALIGN (0x4)
                0x0000000008002fe4                _sidata = LOADADDR (.data)

.data           0x0000000020000000        0xc load address 0x0000000008002fe4
                0x0000000020000000                . = ALIGN (0x4)
                0x0000000020000000                _sdata = .
 *(.data)
 *(.data*)
 .data.SystemCoreClock
                0x0000000020000000        0x4 ./Core/Src/system_stm32f1xx.o
                0x0000000020000000                SystemCoreClock
 .data.uwTickPrio
                0x0000000020000004        0x4 ./Drivers/STM32F1xx_HAL_Driver/Src/stm32f1xx_hal.o
                0x0000000020000004                uwTickPrio
 .data.uwTickFreq
                0x0000000020000008        0x1 ./Drivers/STM32F1xx_HAL_Driver/Src/stm32f1xx_hal.o
                0x0000000020000008                uwTickFreq
 *(.RamFunc)
 *(.RamFunc*)
                0x000000002000000c                . = ALIGN (0x4)
 *fill*         0x0000000020000009        0x3 
                0x000000002000000c                _edata = .

.igot.plt       0x000000002000000c        0x0 load address 0x0000000008002ff0
 .igot.plt      0x000000002000000c        0x0 E:/STM32CubeIDE_1.13.0/STM32CubeIDE/plugins/com.st.stm32cube.ide.mcu.externaltools.gnu-tools-for-stm32.11.3.rel1.win32_1.1.0.202305231506/tools/bin/../lib/gcc/arm-none-eabi/11.3.1/thumb/v7-m/nofp/crtbegin.o
                0x000000002000000c                . = ALIGN (0x4)

.bss            0x000000002000000c      0x4fc load address 0x0000000008002ff0
                0x000000002000000c                _sbss = .
                0x000000002000000c                __bss_start__ = _sbss
 *(.bss)
 .bss           0x000000002000000c       0x1c E:/STM32CubeIDE_1.13.0/STM32CubeIDE/plugins/com.st.stm32cube.ide.mcu.externaltools.gnu-tools-for-stm32.11.3.rel1.win32_1.1.0.202305231506/tools/bin/../lib/gcc/arm-none-eabi/11.3.1/thumb/v7-m/nofp/crtbegin.o
 *(.bss*)
 .bss.hi2c2     0x0000000020000028       0x54 ./Core/Src/i2c.o
                0x0000000020000028                hi2c2
 .bss.OLED_GRAM
                0x000000002000007c      0x400 ./Core/Src/oled.o
                0x000000002000007c                OLED_GRAM
 .bss.sendBuffer.3
                0x000000002000047c        0x2 ./Core/Src/oled.o
 *fill*         0x000000002000047e        0x2 
 .bss.sendBuffer.2
                0x0000000020000480       0x81 ./Core/Src/oled.o
 .bss.temp.1    0x0000000020000501        0x1 ./Core/Src/oled.o
 *fill*         0x0000000020000502        0x2 
 .bss.uwTick    0x0000000020000504        0x4 ./Drivers/STM32F1xx_HAL_Driver/Src/stm32f1xx_hal.o
                0x0000000020000504                uwTick
 *(COMMON)
                0x0000000020000508                . = ALIGN (0x4)
                0x0000000020000508                _ebss = .
                0x0000000020000508                __bss_end__ = _ebss

._user_heap_stack
                0x0000000020000508      0x600 load address 0x0000000008002ff0
                0x0000000020000508                . = ALIGN (0x8)
                [!provide]                        PROVIDE (end = .)
                0x0000000020000508                PROVIDE (_end = .)
                0x0000000020000708                . = (. + _Min_Heap_Size)
 *fill*         0x0000000020000508      0x200 
                0x0000000020000b08                . = (. + _Min_Stack_Size)
 *fill*         0x0000000020000708      0x400 
                0x0000000020000b08                . = ALIGN (0x8)

/DISCARD/
 libc.a(*)
 libm.a(*)
 libgcc.a(*)

.ARM.attributes
                0x0000000000000000       0x29
 *(.ARM.attributes)
 .ARM.attributes
                0x0000000000000000       0x1d E:/STM32CubeIDE_1.13.0/STM32CubeIDE/plugins/com.st.stm32cube.ide.mcu.externaltools.gnu-tools-for-stm32.11.3.rel1.win32_1.1.0.202305231506/tools/bin/../lib/gcc/arm-none-eabi/11.3.1/thumb/v7-m/nofp/crti.o
 .ARM.attributes
                0x000000000000001d       0x2d E:/STM32CubeIDE_1.13.0/STM32CubeIDE/plugins/com.st.stm32cube.ide.mcu.externaltools.gnu-tools-for-stm32.11.3.rel1.win32_1.1.0.202305231506/tools/bin/../lib/gcc/arm-none-eabi/11.3.1/thumb/v7-m/nofp/crtbegin.o
 .ARM.attributes
                0x000000000000004a       0x2d ./Core/Src/font.o
 .ARM.attributes
                0x0000000000000077       0x2d ./Core/Src/gpio.o
 .ARM.attributes
                0x00000000000000a4       0x2d ./Core/Src/i2c.o
 .ARM.attributes
                0x00000000000000d1       0x2d ./Core/Src/main.o
 .ARM.attributes
                0x00000000000000fe       0x2d ./Core/Src/oled.o
 .ARM.attributes
                0x000000000000012b       0x2d ./Core/Src/stm32f1xx_hal_msp.o
 .ARM.attributes
                0x0000000000000158       0x2d ./Core/Src/stm32f1xx_it.o
 .ARM.attributes
                0x0000000000000185       0x2d ./Core/Src/system_stm32f1xx.o
 .ARM.attributes
                0x00000000000001b2       0x21 ./Core/Startup/startup_stm32f103zetx.o
 .ARM.attributes
                0x00000000000001d3       0x2d ./Drivers/STM32F1xx_HAL_Driver/Src/stm32f1xx_hal.o
 .ARM.attributes
                0x0000000000000200       0x2d ./Drivers/STM32F1xx_HAL_Driver/Src/stm32f1xx_hal_cortex.o
 .ARM.attributes
                0x000000000000022d       0x2d ./Drivers/STM32F1xx_HAL_Driver/Src/stm32f1xx_hal_gpio.o
 .ARM.attributes
                0x000000000000025a       0x2d ./Drivers/STM32F1xx_HAL_Driver/Src/stm32f1xx_hal_i2c.o
 .ARM.attributes
                0x0000000000000287       0x2d ./Drivers/STM32F1xx_HAL_Driver/Src/stm32f1xx_hal_rcc.o
 .ARM.attributes
                0x00000000000002b4       0x2d E:/STM32CubeIDE_1.13.0/STM32CubeIDE/plugins/com.st.stm32cube.ide.mcu.externaltools.gnu-tools-for-stm32.11.3.rel1.win32_1.1.0.202305231506/tools/bin/../lib/gcc/arm-none-eabi/11.3.1/../../../../arm-none-eabi/lib/thumb/v7-m/nofp\libc_nano.a(libc_a-memcmp.o)
 .ARM.attributes
                0x00000000000002e1       0x2d E:/STM32CubeIDE_1.13.0/STM32CubeIDE/plugins/com.st.stm32cube.ide.mcu.externaltools.gnu-tools-for-stm32.11.3.rel1.win32_1.1.0.202305231506/tools/bin/../lib/gcc/arm-none-eabi/11.3.1/../../../../arm-none-eabi/lib/thumb/v7-m/nofp\libc_nano.a(libc_a-memset.o)
 .ARM.attributes
                0x000000000000030e       0x2d E:/STM32CubeIDE_1.13.0/STM32CubeIDE/plugins/com.st.stm32cube.ide.mcu.externaltools.gnu-tools-for-stm32.11.3.rel1.win32_1.1.0.202305231506/tools/bin/../lib/gcc/arm-none-eabi/11.3.1/../../../../arm-none-eabi/lib/thumb/v7-m/nofp\libc_nano.a(libc_a-init.o)
 .ARM.attributes
                0x000000000000033b       0x2d E:/STM32CubeIDE_1.13.0/STM32CubeIDE/plugins/com.st.stm32cube.ide.mcu.externaltools.gnu-tools-for-stm32.11.3.rel1.win32_1.1.0.202305231506/tools/bin/../lib/gcc/arm-none-eabi/11.3.1/../../../../arm-none-eabi/lib/thumb/v7-m/nofp\libc_nano.a(libc_a-memcpy-stub.o)
 .ARM.attributes
                0x0000000000000368       0x1d E:/STM32CubeIDE_1.13.0/STM32CubeIDE/plugins/com.st.stm32cube.ide.mcu.externaltools.gnu-tools-for-stm32.11.3.rel1.win32_1.1.0.202305231506/tools/bin/../lib/gcc/arm-none-eabi/11.3.1/thumb/v7-m/nofp/crtn.o
OUTPUT(OLED_F103ZET6.elf elf32-littlearm)
LOAD linker stubs
LOAD E:/STM32CubeIDE_1.13.0/STM32CubeIDE/plugins/com.st.stm32cube.ide.mcu.externaltools.gnu-tools-for-stm32.11.3.rel1.win32_1.1.0.202305231506/tools/bin/../lib/gcc/arm-none-eabi/11.3.1/../../../../arm-none-eabi/lib/thumb/v7-m/nofp\libc.a
LOAD E:/STM32CubeIDE_1.13.0/STM32CubeIDE/plugins/com.st.stm32cube.ide.mcu.externaltools.gnu-tools-for-stm32.11.3.rel1.win32_1.1.0.202305231506/tools/bin/../lib/gcc/arm-none-eabi/11.3.1/../../../../arm-none-eabi/lib/thumb/v7-m/nofp\libm.a
LOAD E:/STM32CubeIDE_1.13.0/STM32CubeIDE/plugins/com.st.stm32cube.ide.mcu.externaltools.gnu-tools-for-stm32.11.3.rel1.win32_1.1.0.202305231506/tools/bin/../lib/gcc/arm-none-eabi/11.3.1/thumb/v7-m/nofp\libgcc.a

.comment        0x0000000000000000       0x43
 .comment       0x0000000000000000       0x43 E:/STM32CubeIDE_1.13.0/STM32CubeIDE/plugins/com.st.stm32cube.ide.mcu.externaltools.gnu-tools-for-stm32.11.3.rel1.win32_1.1.0.202305231506/tools/bin/../lib/gcc/arm-none-eabi/11.3.1/thumb/v7-m/nofp/crtbegin.o
                                         0x44 (size before relaxing)
 .comment       0x0000000000000043       0x44 ./Core/Src/font.o
 .comment       0x0000000000000043       0x44 ./Core/Src/gpio.o
 .comment       0x0000000000000043       0x44 ./Core/Src/i2c.o
 .comment       0x0000000000000043       0x44 ./Core/Src/main.o
 .comment       0x0000000000000043       0x44 ./Core/Src/oled.o
 .comment       0x0000000000000043       0x44 ./Core/Src/stm32f1xx_hal_msp.o
 .comment       0x0000000000000043       0x44 ./Core/Src/stm32f1xx_it.o
 .comment       0x0000000000000043       0x44 ./Core/Src/system_stm32f1xx.o
 .comment       0x0000000000000043       0x44 ./Drivers/STM32F1xx_HAL_Driver/Src/stm32f1xx_hal.o
 .comment       0x0000000000000043       0x44 ./Drivers/STM32F1xx_HAL_Driver/Src/stm32f1xx_hal_cortex.o
 .comment       0x0000000000000043       0x44 ./Drivers/STM32F1xx_HAL_Driver/Src/stm32f1xx_hal_gpio.o
 .comment       0x0000000000000043       0x44 ./Drivers/STM32F1xx_HAL_Driver/Src/stm32f1xx_hal_i2c.o
 .comment       0x0000000000000043       0x44 ./Drivers/STM32F1xx_HAL_Driver/Src/stm32f1xx_hal_rcc.o

.debug_info     0x0000000000000000     0x6d6d
 .debug_info    0x0000000000000000      0x38c ./Core/Src/font.o
 .debug_info    0x000000000000038c      0x150 ./Core/Src/gpio.o
 .debug_info    0x00000000000004dc      0x7e3 ./Core/Src/i2c.o
 .debug_info    0x0000000000000cbf      0x4a9 ./Core/Src/main.o
 .debug_info    0x0000000000001168     0x1258 ./Core/Src/oled.o
 .debug_info    0x00000000000023c0      0x169 ./Core/Src/stm32f1xx_hal_msp.o
 .debug_info    0x0000000000002529      0x113 ./Core/Src/stm32f1xx_it.o
 .debug_info    0x000000000000263c      0x222 ./Core/Src/system_stm32f1xx.o
 .debug_info    0x000000000000285e       0x23 ./Core/Startup/startup_stm32f103zetx.o
 .debug_info    0x0000000000002881      0x76a ./Drivers/STM32F1xx_HAL_Driver/Src/stm32f1xx_hal.o
 .debug_info    0x0000000000002feb      0xaed ./Drivers/STM32F1xx_HAL_Driver/Src/stm32f1xx_hal_cortex.o
 .debug_info    0x0000000000003ad8      0x5ab ./Drivers/STM32F1xx_HAL_Driver/Src/stm32f1xx_hal_gpio.o
 .debug_info    0x0000000000004083     0x2515 ./Drivers/STM32F1xx_HAL_Driver/Src/stm32f1xx_hal_i2c.o
 .debug_info    0x0000000000006598      0x7d5 ./Drivers/STM32F1xx_HAL_Driver/Src/stm32f1xx_hal_rcc.o

.debug_abbrev   0x0000000000000000     0x1722
 .debug_abbrev  0x0000000000000000       0xf9 ./Core/Src/font.o
 .debug_abbrev  0x00000000000000f9       0xb9 ./Core/Src/gpio.o
 .debug_abbrev  0x00000000000001b2      0x1de ./Core/Src/i2c.o
 .debug_abbrev  0x0000000000000390      0x203 ./Core/Src/main.o
 .debug_abbrev  0x0000000000000593      0x2ec ./Core/Src/oled.o
 .debug_abbrev  0x000000000000087f       0xc6 ./Core/Src/stm32f1xx_hal_msp.o
 .debug_abbrev  0x0000000000000945       0x73 ./Core/Src/stm32f1xx_it.o
 .debug_abbrev  0x00000000000009b8      0x13f ./Core/Src/system_stm32f1xx.o
 .debug_abbrev  0x0000000000000af7       0x12 ./Core/Startup/startup_stm32f103zetx.o
 .debug_abbrev  0x0000000000000b09      0x201 ./Drivers/STM32F1xx_HAL_Driver/Src/stm32f1xx_hal.o
 .debug_abbrev  0x0000000000000d0a      0x2f8 ./Drivers/STM32F1xx_HAL_Driver/Src/stm32f1xx_hal_cortex.o
 .debug_abbrev  0x0000000000001002      0x1ca ./Drivers/STM32F1xx_HAL_Driver/Src/stm32f1xx_hal_gpio.o
 .debug_abbrev  0x00000000000011cc      0x2a3 ./Drivers/STM32F1xx_HAL_Driver/Src/stm32f1xx_hal_i2c.o
 .debug_abbrev  0x000000000000146f      0x2b3 ./Drivers/STM32F1xx_HAL_Driver/Src/stm32f1xx_hal_rcc.o

.debug_aranges  0x0000000000000000      0x7c8
 .debug_aranges
                0x0000000000000000       0x18 ./Core/Src/font.o
 .debug_aranges
                0x0000000000000018       0x20 ./Core/Src/gpio.o
 .debug_aranges
                0x0000000000000038       0x30 ./Core/Src/i2c.o
 .debug_aranges
                0x0000000000000068       0x30 ./Core/Src/main.o
 .debug_aranges
                0x0000000000000098       0xf0 ./Core/Src/oled.o
 .debug_aranges
                0x0000000000000188       0x20 ./Core/Src/stm32f1xx_hal_msp.o
 .debug_aranges
                0x00000000000001a8       0x60 ./Core/Src/stm32f1xx_it.o
 .debug_aranges
                0x0000000000000208       0x28 ./Core/Src/system_stm32f1xx.o
 .debug_aranges
                0x0000000000000230       0x28 ./Core/Startup/startup_stm32f103zetx.o
 .debug_aranges
                0x0000000000000258       0xe0 ./Drivers/STM32F1xx_HAL_Driver/Src/stm32f1xx_hal.o
 .debug_aranges
                0x0000000000000338      0x100 ./Drivers/STM32F1xx_HAL_Driver/Src/stm32f1xx_hal_cortex.o
 .debug_aranges
                0x0000000000000438       0x58 ./Drivers/STM32F1xx_HAL_Driver/Src/stm32f1xx_hal_gpio.o
 .debug_aranges
                0x0000000000000490      0x2a8 ./Drivers/STM32F1xx_HAL_Driver/Src/stm32f1xx_hal_i2c.o
 .debug_aranges
                0x0000000000000738       0x90 ./Drivers/STM32F1xx_HAL_Driver/Src/stm32f1xx_hal_rcc.o

.debug_macro    0x0000000000000000    0x18ff4
 .debug_macro   0x0000000000000000      0x140 ./Core/Src/font.o
 .debug_macro   0x0000000000000140      0xa9c ./Core/Src/font.o
 .debug_macro   0x0000000000000bdc       0x22 ./Core/Src/font.o
 .debug_macro   0x0000000000000bfe       0x8e ./Core/Src/font.o
 .debug_macro   0x0000000000000c8c       0x51 ./Core/Src/font.o
 .debug_macro   0x0000000000000cdd      0x103 ./Core/Src/font.o
 .debug_macro   0x0000000000000de0       0x6a ./Core/Src/font.o
 .debug_macro   0x0000000000000e4a      0x1df ./Core/Src/font.o
 .debug_macro   0x0000000000001029       0x61 ./Core/Src/font.o
 .debug_macro   0x000000000000108a       0x24 ./Core/Src/font.o
 .debug_macro   0x00000000000010ae       0x43 ./Core/Src/font.o
 .debug_macro   0x00000000000010f1       0x34 ./Core/Src/font.o
 .debug_macro   0x0000000000001125      0x174 ./Core/Src/font.o
 .debug_macro   0x0000000000001299       0x16 ./Core/Src/font.o
 .debug_macro   0x00000000000012af       0x43 ./Core/Src/font.o
 .debug_macro   0x00000000000012f2       0x34 ./Core/Src/font.o
 .debug_macro   0x0000000000001326       0x10 ./Core/Src/font.o
 .debug_macro   0x0000000000001336       0x58 ./Core/Src/font.o
 .debug_macro   0x000000000000138e       0x8e ./Core/Src/font.o
 .debug_macro   0x000000000000141c       0x1c ./Core/Src/font.o
 .debug_macro   0x0000000000001438      0x177 ./Core/Src/font.o
 .debug_macro   0x00000000000015af      0x369 ./Core/Src/font.o
 .debug_macro   0x0000000000001918       0x10 ./Core/Src/font.o
 .debug_macro   0x0000000000001928       0x35 ./Core/Src/font.o
 .debug_macro   0x000000000000195d       0x20 ./Core/Src/font.o
 .debug_macro   0x000000000000197d      0x1a2 ./Core/Src/gpio.o
 .debug_macro   0x0000000000001b1f      0x215 ./Core/Src/gpio.o
 .debug_macro   0x0000000000001d34       0x2e ./Core/Src/gpio.o
 .debug_macro   0x0000000000001d62       0x22 ./Core/Src/gpio.o
 .debug_macro   0x0000000000001d84       0x1c ./Core/Src/gpio.o
 .debug_macro   0x0000000000001da0       0x22 ./Core/Src/gpio.o
 .debug_macro   0x0000000000001dc2       0xbd ./Core/Src/gpio.o
 .debug_macro   0x0000000000001e7f      0xd23 ./Core/Src/gpio.o
 .debug_macro   0x0000000000002ba2     0xfd8c ./Core/Src/gpio.o
 .debug_macro   0x000000000001292e       0x6d ./Core/Src/gpio.o
 .debug_macro   0x000000000001299b     0x348d ./Core/Src/gpio.o
 .debug_macro   0x0000000000015e28       0x5c ./Core/Src/gpio.o
 .debug_macro   0x0000000000015e84      0x5bc ./Core/Src/gpio.o
 .debug_macro   0x0000000000016440      0x4d5 ./Core/Src/gpio.o
 .debug_macro   0x0000000000016915      0x1cb ./Core/Src/gpio.o
 .debug_macro   0x0000000000016ae0      0x114 ./Core/Src/gpio.o
 .debug_macro   0x0000000000016bf4      0x1ea ./Core/Src/gpio.o
 .debug_macro   0x0000000000016dde       0x27 ./Core/Src/gpio.o
 .debug_macro   0x0000000000016e05      0x144 ./Core/Src/gpio.o
 .debug_macro   0x0000000000016f49      0x1bc ./Core/Src/gpio.o
 .debug_macro   0x0000000000017105       0x30 ./Core/Src/gpio.o
 .debug_macro   0x0000000000017135       0x3c ./Core/Src/gpio.o
 .debug_macro   0x0000000000017171       0x57 ./Core/Src/gpio.o
 .debug_macro   0x00000000000171c8       0x87 ./Core/Src/gpio.o
 .debug_macro   0x000000000001724f      0x24f ./Core/Src/gpio.o
 .debug_macro   0x000000000001749e      0x287 ./Core/Src/gpio.o
 .debug_macro   0x0000000000017725      0x140 ./Core/Src/gpio.o
 .debug_macro   0x0000000000017865       0xb5 ./Core/Src/gpio.o
 .debug_macro   0x000000000001791a      0x1a2 ./Core/Src/i2c.o
 .debug_macro   0x0000000000017abc      0x292 ./Core/Src/main.o
 .debug_macro   0x0000000000017d4e      0x2e3 ./Core/Src/oled.o
 .debug_macro   0x0000000000018031       0x56 ./Core/Src/oled.o
 .debug_macro   0x0000000000018087      0x19b ./Core/Src/oled.o
 .debug_macro   0x0000000000018222       0x16 ./Core/Src/oled.o
 .debug_macro   0x0000000000018238       0x16 ./Core/Src/oled.o
 .debug_macro   0x000000000001824e       0x29 ./Core/Src/oled.o
 .debug_macro   0x0000000000018277      0x198 ./Core/Src/stm32f1xx_hal_msp.o
 .debug_macro   0x000000000001840f      0x1a2 ./Core/Src/stm32f1xx_it.o
 .debug_macro   0x00000000000185b1      0x18e ./Core/Src/system_stm32f1xx.o
 .debug_macro   0x000000000001873f      0x1b2 ./Drivers/STM32F1xx_HAL_Driver/Src/stm32f1xx_hal.o
 .debug_macro   0x00000000000188f1      0x18e ./Drivers/STM32F1xx_HAL_Driver/Src/stm32f1xx_hal_cortex.o
 .debug_macro   0x0000000000018a7f      0x1f9 ./Drivers/STM32F1xx_HAL_Driver/Src/stm32f1xx_hal_gpio.o
 .debug_macro   0x0000000000018c78      0x1dc ./Drivers/STM32F1xx_HAL_Driver/Src/stm32f1xx_hal_i2c.o
 .debug_macro   0x0000000000018e54      0x1a0 ./Drivers/STM32F1xx_HAL_Driver/Src/stm32f1xx_hal_rcc.o

.debug_line     0x0000000000000000     0xaaa5
 .debug_line    0x0000000000000000      0x566 ./Core/Src/font.o
 .debug_line    0x0000000000000566      0x6ba ./Core/Src/gpio.o
 .debug_line    0x0000000000000c20      0x724 ./Core/Src/i2c.o
 .debug_line    0x0000000000001344      0x8ea ./Core/Src/main.o
 .debug_line    0x0000000000001c2e     0x1146 ./Core/Src/oled.o
 .debug_line    0x0000000000002d74      0x6bf ./Core/Src/stm32f1xx_hal_msp.o
 .debug_line    0x0000000000003433      0x781 ./Core/Src/stm32f1xx_it.o
 .debug_line    0x0000000000003bb4      0x73d ./Core/Src/system_stm32f1xx.o
 .debug_line    0x00000000000042f1       0x79 ./Core/Startup/startup_stm32f103zetx.o
 .debug_line    0x000000000000436a      0x96a ./Drivers/STM32F1xx_HAL_Driver/Src/stm32f1xx_hal.o
 .debug_line    0x0000000000004cd4      0xb52 ./Drivers/STM32F1xx_HAL_Driver/Src/stm32f1xx_hal_cortex.o
 .debug_line    0x0000000000005826      0xa2b ./Drivers/STM32F1xx_HAL_Driver/Src/stm32f1xx_hal_gpio.o
 .debug_line    0x0000000000006251     0x3ae1 ./Drivers/STM32F1xx_HAL_Driver/Src/stm32f1xx_hal_i2c.o
 .debug_line    0x0000000000009d32      0xd73 ./Drivers/STM32F1xx_HAL_Driver/Src/stm32f1xx_hal_rcc.o

.debug_str      0x0000000000000000    0x90515
 .debug_str     0x0000000000000000     0x700d ./Core/Src/font.o
                                       0x720d (size before relaxing)
 .debug_str     0x000000000000700d    0x86679 ./Core/Src/gpio.o
                                      0x8a854 (size before relaxing)
 .debug_str     0x000000000008d686      0x4f9 ./Core/Src/i2c.o
                                      0x8adb4 (size before relaxing)
 .debug_str     0x000000000008db7f      0x21a ./Core/Src/main.o
                                      0x8dc0f (size before relaxing)
 .debug_str     0x000000000008dd99      0xb5a ./Core/Src/oled.o
                                      0x8ea2c (size before relaxing)
 .debug_str     0x000000000008e8f3       0x2c ./Core/Src/stm32f1xx_hal_msp.o
                                      0x8a854 (size before relaxing)
 .debug_str     0x000000000008e91f       0xc9 ./Core/Src/stm32f1xx_it.o
                                      0x8a897 (size before relaxing)
 .debug_str     0x000000000008e9e8       0x7e ./Core/Src/system_stm32f1xx.o
                                      0x8a8ad (size before relaxing)
 .debug_str     0x000000000008ea66       0x34 ./Core/Startup/startup_stm32f103zetx.o
                                         0x77 (size before relaxing)
 .debug_str     0x000000000008ea9a      0x69f ./Drivers/STM32F1xx_HAL_Driver/Src/stm32f1xx_hal.o
                                      0x8b0c4 (size before relaxing)
 .debug_str     0x000000000008f139      0x2c5 ./Drivers/STM32F1xx_HAL_Driver/Src/stm32f1xx_hal_cortex.o
                                      0x8b010 (size before relaxing)
 .debug_str     0x000000000008f3fe      0x341 ./Drivers/STM32F1xx_HAL_Driver/Src/stm32f1xx_hal_gpio.o
                                      0x8ac33 (size before relaxing)
 .debug_str     0x000000000008f73f      0xbcd ./Drivers/STM32F1xx_HAL_Driver/Src/stm32f1xx_hal_i2c.o
                                      0x8b974 (size before relaxing)
 .debug_str     0x000000000009030c      0x209 ./Drivers/STM32F1xx_HAL_Driver/Src/stm32f1xx_hal_rcc.o
                                      0x8acdc (size before relaxing)

.debug_rnglists
                0x0000000000000000      0x5ed
 .debug_rnglists
                0x0000000000000000       0x13 ./Core/Src/gpio.o
 .debug_rnglists
                0x0000000000000013       0x20 ./Core/Src/i2c.o
 .debug_rnglists
                0x0000000000000033       0x21 ./Core/Src/main.o
 .debug_rnglists
                0x0000000000000054       0xcb ./Core/Src/oled.o
 .debug_rnglists
                0x000000000000011f       0x13 ./Core/Src/stm32f1xx_hal_msp.o
 .debug_rnglists
                0x0000000000000132       0x43 ./Core/Src/stm32f1xx_it.o
 .debug_rnglists
                0x0000000000000175       0x1a ./Core/Src/system_stm32f1xx.o
 .debug_rnglists
                0x000000000000018f       0x19 ./Core/Startup/startup_stm32f103zetx.o
 .debug_rnglists
                0x00000000000001a8       0xa3 ./Drivers/STM32F1xx_HAL_Driver/Src/stm32f1xx_hal.o
 .debug_rnglists
                0x000000000000024b       0xbb ./Drivers/STM32F1xx_HAL_Driver/Src/stm32f1xx_hal_cortex.o
 .debug_rnglists
                0x0000000000000306       0x3f ./Drivers/STM32F1xx_HAL_Driver/Src/stm32f1xx_hal_gpio.o
 .debug_rnglists
                0x0000000000000345      0x23c ./Drivers/STM32F1xx_HAL_Driver/Src/stm32f1xx_hal_i2c.o
 .debug_rnglists
                0x0000000000000581       0x6c ./Drivers/STM32F1xx_HAL_Driver/Src/stm32f1xx_hal_rcc.o

.debug_frame    0x0000000000000000     0x1ea4
 .debug_frame   0x0000000000000000       0x38 ./Core/Src/gpio.o
 .debug_frame   0x0000000000000038       0x74 ./Core/Src/i2c.o
 .debug_frame   0x00000000000000ac       0x6c ./Core/Src/main.o
 .debug_frame   0x0000000000000118      0x418 ./Core/Src/oled.o
 .debug_frame   0x0000000000000530       0x38 ./Core/Src/stm32f1xx_hal_msp.o
 .debug_frame   0x0000000000000568      0x104 ./Core/Src/stm32f1xx_it.o
 .debug_frame   0x000000000000066c       0x58 ./Core/Src/system_stm32f1xx.o
 .debug_frame   0x00000000000006c4      0x334 ./Drivers/STM32F1xx_HAL_Driver/Src/stm32f1xx_hal.o
 .debug_frame   0x00000000000009f8      0x428 ./Drivers/STM32F1xx_HAL_Driver/Src/stm32f1xx_hal_cortex.o
 .debug_frame   0x0000000000000e20      0x14c ./Drivers/STM32F1xx_HAL_Driver/Src/stm32f1xx_hal_gpio.o
 .debug_frame   0x0000000000000f6c      0xc84 ./Drivers/STM32F1xx_HAL_Driver/Src/stm32f1xx_hal_i2c.o
 .debug_frame   0x0000000000001bf0      0x218 ./Drivers/STM32F1xx_HAL_Driver/Src/stm32f1xx_hal_rcc.o
 .debug_frame   0x0000000000001e08       0x28 E:/STM32CubeIDE_1.13.0/STM32CubeIDE/plugins/com.st.stm32cube.ide.mcu.externaltools.gnu-tools-for-stm32.11.3.rel1.win32_1.1.0.202305231506/tools/bin/../lib/gcc/arm-none-eabi/11.3.1/../../../../arm-none-eabi/lib/thumb/v7-m/nofp\libc_nano.a(libc_a-memcmp.o)
 .debug_frame   0x0000000000001e30       0x20 E:/STM32CubeIDE_1.13.0/STM32CubeIDE/plugins/com.st.stm32cube.ide.mcu.externaltools.gnu-tools-for-stm32.11.3.rel1.win32_1.1.0.202305231506/tools/bin/../lib/gcc/arm-none-eabi/11.3.1/../../../../arm-none-eabi/lib/thumb/v7-m/nofp\libc_nano.a(libc_a-memset.o)
 .debug_frame   0x0000000000001e50       0x2c E:/STM32CubeIDE_1.13.0/STM32CubeIDE/plugins/com.st.stm32cube.ide.mcu.externaltools.gnu-tools-for-stm32.11.3.rel1.win32_1.1.0.202305231506/tools/bin/../lib/gcc/arm-none-eabi/11.3.1/../../../../arm-none-eabi/lib/thumb/v7-m/nofp\libc_nano.a(libc_a-init.o)
 .debug_frame   0x0000000000001e7c       0x28 E:/STM32CubeIDE_1.13.0/STM32CubeIDE/plugins/com.st.stm32cube.ide.mcu.externaltools.gnu-tools-for-stm32.11.3.rel1.win32_1.1.0.202305231506/tools/bin/../lib/gcc/arm-none-eabi/11.3.1/../../../../arm-none-eabi/lib/thumb/v7-m/nofp\libc_nano.a(libc_a-memcpy-stub.o)

.debug_line_str
                0x0000000000000000       0x6b
 .debug_line_str
                0x0000000000000000       0x6b ./Core/Startup/startup_stm32f103zetx.o
                                         0x83 (size before relaxing)
